 Image minio/minio:latest Pulling 
 Image postgres:16-alpine Pulling 
 Image redis:7-alpine Pulling 
 71e9fc939447 Pulling fs layer 0B
 34013573f278 Pulling fs layer 0B
 c1bc68842c41 Pulling fs layer 0B
 0288b5a0d7e7 Pulling fs layer 0B
 1008deaf6ec4 Pulling fs layer 0B
 f9c0805c25ee Pulling fs layer 0B
 34013573f278 Already exists 0B
 71e9fc939447 Already exists 0B
 c1bc68842c41 Already exists 0B
 0288b5a0d7e7 Already exists 0B
 1008deaf6ec4 Downloading 5.243MB
 f9c0805c25ee Downloading 15.73MB
 1008deaf6ec4 Downloading 5.243MB
 f9c0805c25ee Downloading 15.73MB
 41caa0265cb5 Pulling fs layer 0B
 d85eda7b0b14 Pulling fs layer 0B
 9516b0cd89c9 Pulling fs layer 0B
 897d797d2723 Pulling fs layer 0B
 2c96e5a02ba0 Pulling fs layer 0B
 de4b872bfdc3 Pulling fs layer 0B
 4f4fb700ef54 Pulling fs layer 0B
 1008deaf6ec4 Downloading 5.243MB
 f9c0805c25ee Downloading 15.73MB
 1008deaf6ec4 Downloading 5.243MB
 f9c0805c25ee Downloading 15.73MB
 f0e7204f9584 Pulling fs layer 0B
 8225e2970a7f Pulling fs layer 0B
 b053c4426c4a Pulling fs layer 0B
 48d0d8b0e136 Pulling fs layer 0B
 27d0ba4f668a Pulling fs layer 0B
 7f5de3d007ea Pulling fs layer 0B
 1008deaf6ec4 Downloading 5.243MB
 f9c0805c25ee Downloading 15.73MB
 1008deaf6ec4 Downloading 5.243MB
 f9c0805c25ee Downloading 15.73MB
 1008deaf6ec4 Downloading 5.243MB
 f9c0805c25ee Downloading 15.73MB
 1008deaf6ec4 Downloading 5.243MB
 f9c0805c25ee Downloading 15.73MB
 1008deaf6ec4 Downloading 5.243MB
 f9c0805c25ee Downloading 15.73MB
 1008deaf6ec4 Downloading 5.243MB
 f9c0805c25ee Downloading 15.73MB
 1008deaf6ec4 Downloading 5.243MB
 f9c0805c25ee Downloading 15.73MB
 1008deaf6ec4 Downloading 5.243MB
 f9c0805c25ee Downloading 15.73MB
 1008deaf6ec4 Downloading 5.243MB
 f9c0805c25ee Downloading 15.73MB
 1008deaf6ec4 Downloading 5.243MB
 f9c0805c25ee Downloading 15.73MB
 1008deaf6ec4 Downloading 5.243MB
 f9c0805c25ee Downloading 15.73MB
 1008deaf6ec4 Downloading 5.243MB
 f9c0805c25ee Downloading 15.73MB
 1008deaf6ec4 Downloading 5.243MB
 f9c0805c25ee Downloading 15.73MB
 1008deaf6ec4 Downloading 5.243MB
 f9c0805c25ee Downloading 15.73MB
 1008deaf6ec4 Downloading 5.243MB
 f9c0805c25ee Downloading 15.73MB
 1008deaf6ec4 Downloading 5.243MB
 f9c0805c25ee Downloading 15.73MB
 1008deaf6ec4 Downloading 5.243MB
 f9c0805c25ee Downloading 15.73MB
 1008deaf6ec4 Downloading 5.243MB
 f9c0805c25ee Downloading 15.73MB
 1008deaf6ec4 Downloading 5.243MB
 f9c0805c25ee Downloading 15.73MB
 1008deaf6ec4 Downloading 5.243MB
 f9c0805c25ee Downloading 15.73MB
 1008deaf6ec4 Downloading 5.243MB
 f9c0805c25ee Downloading 15.73MB
 1008deaf6ec4 Downloading 5.243MB
 f9c0805c25ee Downloading 15.73MB
 1008deaf6ec4 Downloading 5.243MB
 f9c0805c25ee Downloading 15.73MB
 1008deaf6ec4 Downloading 5.243MB
 f9c0805c25ee Downloading 15.73MB
 1008deaf6ec4 Downloading 5.243MB
 f9c0805c25ee Downloading 15.73MB
 1008deaf6ec4 Downloading 5.243MB
 f9c0805c25ee Downloading 15.73MB
 f9c0805c25ee Downloading 15.73MB
 1008deaf6ec4 Downloading 5.243MB
 1008deaf6ec4 Downloading 5.243MB
 f9c0805c25ee Downloading 15.73MB
 f9c0805c25ee Downloading 15.73MB
 1008deaf6ec4 Downloading 5.243MB
 1008deaf6ec4 Downloading 5.243MB
 f9c0805c25ee Downloading 15.73MB
 1008deaf6ec4 Downloading 5.243MB
 f9c0805c25ee Downloading 15.96MB
 f9c0805c25ee Downloading 16.78MB
 1008deaf6ec4 Downloading 5.243MB
 1008deaf6ec4 Downloading 5.243MB
 f9c0805c25ee Downloading 16.78MB
 1008deaf6ec4 Downloading 5.243MB
 f9c0805c25ee Downloading 16.78MB
 f9c0805c25ee Downloading 16.78MB
 1008deaf6ec4 Downloading 5.243MB
 1008deaf6ec4 Downloading 5.243MB
 f9c0805c25ee Downloading 17.83MB
 1008deaf6ec4 Downloading 5.243MB
 f9c0805c25ee Downloading 17.83MB
 1008deaf6ec4 Downloading 5.243MB
 f9c0805c25ee Downloading 17.83MB
 1008deaf6ec4 Downloading 5.243MB
 f9c0805c25ee Downloading 17.83MB
 1008deaf6ec4 Downloading 5.243MB
 f9c0805c25ee Downloading 17.83MB
 1008deaf6ec4 Downloading 5.243MB
 f9c0805c25ee Downloading 17.83MB
 1008deaf6ec4 Downloading 5.243MB
 f9c0805c25ee Downloading 17.83MB
 1008deaf6ec4 Downloading 5.243MB
 f9c0805c25ee Downloading 17.83MB
 1008deaf6ec4 Downloading 5.243MB
 f9c0805c25ee Downloading 18.87MB
 1008deaf6ec4 Downloading 6.291MB
 f9c0805c25ee Downloading 18.87MB
 f9c0805c25ee Downloading 18.87MB
 1008deaf6ec4 Downloading 6.291MB
 1008deaf6ec4 Downloading 6.291MB
 f9c0805c25ee Downloading 18.87MB
 1008deaf6ec4 Downloading 6.291MB
 f9c0805c25ee Downloading 19.92MB
 1008deaf6ec4 Downloading 6.291MB
 f9c0805c25ee Downloading 19.92MB
 1008deaf6ec4 Downloading 6.291MB
 f9c0805c25ee Downloading 19.92MB
 1008deaf6ec4 Downloading 6.291MB
 f9c0805c25ee Downloading 19.92MB
 1008deaf6ec4 Downloading 6.291MB
 f9c0805c25ee Downloading 19.92MB
 1008deaf6ec4 Downloading 6.291MB
 f9c0805c25ee Downloading 19.92MB
 1008deaf6ec4 Downloading 6.291MB
 f9c0805c25ee Downloading 20.97MB
 f9c0805c25ee Downloading 20.97MB
 1008deaf6ec4 Downloading 6.291MB
 1008deaf6ec4 Downloading 6.291MB
 f9c0805c25ee Downloading 20.97MB
 1008deaf6ec4 Downloading 6.291MB
 f9c0805c25ee Downloading 20.97MB
 1008deaf6ec4 Downloading 6.291MB
 f9c0805c25ee Downloading 20.97MB
 1008deaf6ec4 Downloading 6.291MB
 f9c0805c25ee Downloading 20.97MB
 f9c0805c25ee Downloading 22.02MB
 1008deaf6ec4 Downloading 6.291MB
 1008deaf6ec4 Downloading 6.291MB
 f9c0805c25ee Downloading 22.02MB
 1008deaf6ec4 Downloading 6.291MB
 f9c0805c25ee Downloading 22.02MB
 1008deaf6ec4 Downloading 7.34MB
 f9c0805c25ee Downloading 22.02MB
 1008deaf6ec4 Downloading 7.34MB
 f9c0805c25ee Downloading 22.02MB
 f9c0805c25ee Downloading 22.02MB
 1008deaf6ec4 Downloading 7.34MB
 1008deaf6ec4 Downloading 7.34MB
 f9c0805c25ee Downloading 22.02MB
 1008deaf6ec4 Downloading 7.34MB
 f9c0805c25ee Downloading 22.02MB
 1008deaf6ec4 Downloading 7.34MB
 f9c0805c25ee Downloading 22.02MB
 1008deaf6ec4 Downloading 7.34MB
 f9c0805c25ee Downloading 22.02MB
 1008deaf6ec4 Downloading 7.34MB
 f9c0805c25ee Downloading 23.07MB
 1008deaf6ec4 Downloading 7.34MB
 f9c0805c25ee Downloading 23.07MB
 f9c0805c25ee Downloading 23.07MB
 1008deaf6ec4 Downloading 7.34MB
 1008deaf6ec4 Downloading 7.34MB
 f9c0805c25ee Downloading 23.07MB
 1008deaf6ec4 Downloading 7.34MB
 f9c0805c25ee Downloading 23.07MB
 1008deaf6ec4 Downloading 7.34MB
 f9c0805c25ee Downloading 23.07MB
 1008deaf6ec4 Downloading 7.34MB
 f9c0805c25ee Downloading 23.07MB
 1008deaf6ec4 Downloading 7.34MB
 f9c0805c25ee Downloading 23.07MB
 1008deaf6ec4 Downloading 7.34MB
 f9c0805c25ee Downloading 23.07MB
 1008deaf6ec4 Downloading 8.389MB
 f9c0805c25ee Downloading 24.12MB
 1008deaf6ec4 Downloading 8.389MB
 f9c0805c25ee Downloading 24.12MB
 1008deaf6ec4 Downloading 8.389MB
 f9c0805c25ee Downloading 24.12MB
 1008deaf6ec4 Downloading 8.389MB
 f9c0805c25ee Downloading 24.12MB
 f9c0805c25ee Downloading 24.12MB
 1008deaf6ec4 Downloading 8.389MB
 Image redis:7-alpine Pulled 
 1008deaf6ec4 Downloading 8.389MB
 f9c0805c25ee Downloading 24.12MB
 1008deaf6ec4 Downloading 8.389MB
 f9c0805c25ee Downloading 24.12MB
 1008deaf6ec4 Downloading 8.389MB
 f9c0805c25ee Downloading 24.12MB
 1008deaf6ec4 Downloading 8.389MB
 f9c0805c25ee Downloading 24.12MB
 1008deaf6ec4 Downloading 8.389MB
 f9c0805c25ee Downloading 25.17MB
 1008deaf6ec4 Downloading 9.437MB
 f9c0805c25ee Downloading 25.17MB
 f9c0805c25ee Downloading 25.17MB
 1008deaf6ec4 Downloading 9.437MB
 1008deaf6ec4 Downloading 9.437MB
 f9c0805c25ee Downloading 25.17MB
 1008deaf6ec4 Downloading 9.437MB
 f9c0805c25ee Downloading 25.17MB
 1008deaf6ec4 Downloading 9.437MB
 f9c0805c25ee Downloading 25.17MB
 1008deaf6ec4 Downloading 9.437MB
 f9c0805c25ee Downloading 25.17MB
 f9c0805c25ee Downloading 25.17MB
 1008deaf6ec4 Downloading 9.437MB
 f9c0805c25ee Downloading 25.17MB
 1008deaf6ec4 Downloading 10.49MB
 1008deaf6ec4 Downloading 10.49MB
 f9c0805c25ee Downloading 26.21MB
 f9c0805c25ee Downloading 26.21MB
 1008deaf6ec4 Downloading 10.49MB
 f9c0805c25ee Downloading 26.21MB
 1008deaf6ec4 Downloading 11.19MB
 1008deaf6ec4 Download complete 0B
 f9c0805c25ee Downloading 26.21MB
 f9c0805c25ee Downloading 26.21MB
 f9c0805c25ee Downloading 26.21MB
 f9c0805c25ee Downloading 27.26MB
 f9c0805c25ee Downloading 27.26MB
 f9c0805c25ee Downloading 27.26MB
 f9c0805c25ee Downloading 27.26MB
 f9c0805c25ee Downloading 28.31MB
 f9c0805c25ee Downloading 28.31MB
 f9c0805c25ee Downloading 28.31MB
 f9c0805c25ee Downloading 28.31MB
 f9c0805c25ee Downloading 29.36MB
 f9c0805c25ee Downloading 29.36MB
 f9c0805c25ee Downloading 29.36MB
 f9c0805c25ee Downloading 29.36MB
 f9c0805c25ee Downloading 29.36MB
 f9c0805c25ee Downloading 30.41MB
 f9c0805c25ee Downloading 30.41MB
 f9c0805c25ee Downloading 30.41MB
 f9c0805c25ee Downloading 30.41MB
 f9c0805c25ee Downloading 30.41MB
 f9c0805c25ee Downloading 30.41MB
 f9c0805c25ee Downloading 31.46MB
 f9c0805c25ee Downloading 31.46MB
 f9c0805c25ee Downloading 31.46MB
 f9c0805c25ee Downloading 31.46MB
 f9c0805c25ee Downloading 32.51MB
 f9c0805c25ee Downloading 32.51MB
 f9c0805c25ee Downloading 32.51MB
 f9c0805c25ee Downloading 32.51MB
 f9c0805c25ee Downloading 32.51MB
 f9c0805c25ee Downloading 32.51MB
 f9c0805c25ee Downloading 33.55MB
 f9c0805c25ee Downloading 33.55MB
 f9c0805c25ee Downloading 33.55MB
 f9c0805c25ee Downloading 33.55MB
 f9c0805c25ee Downloading 33.55MB
 f9c0805c25ee Downloading 33.55MB
 f9c0805c25ee Downloading 33.55MB
 f9c0805c25ee Downloading 34.6MB
 f9c0805c25ee Downloading 34.6MB
 f9c0805c25ee Downloading 34.6MB
 f9c0805c25ee Downloading 34.6MB
 f9c0805c25ee Downloading 34.6MB
 f9c0805c25ee Downloading 34.6MB
 f9c0805c25ee Downloading 34.6MB
 f9c0805c25ee Downloading 34.6MB
 f9c0805c25ee Downloading 35.65MB
 f9c0805c25ee Downloading 35.65MB
 f9c0805c25ee Downloading 35.65MB
 f9c0805c25ee Downloading 35.65MB
 f9c0805c25ee Downloading 35.65MB
 f9c0805c25ee Downloading 35.65MB
 f9c0805c25ee Downloading 35.65MB
 f9c0805c25ee Downloading 36.7MB
 f9c0805c25ee Downloading 36.7MB
 f9c0805c25ee Downloading 36.7MB
 f9c0805c25ee Downloading 36.7MB
 f9c0805c25ee Downloading 36.7MB
 f9c0805c25ee Downloading 36.7MB
 f9c0805c25ee Downloading 36.7MB
 f9c0805c25ee Downloading 36.7MB
 f9c0805c25ee Downloading 36.7MB
 f9c0805c25ee Downloading 36.91MB
 f9c0805c25ee Downloading 37.75MB
 f9c0805c25ee Downloading 37.75MB
 f9c0805c25ee Downloading 38.8MB
 f9c0805c25ee Downloading 39.45MB
 f9c0805c25ee Download complete 0B
 f9c0805c25ee Extracting 1B
 f9c0805c25ee Extracting 1B
 f9c0805c25ee Extracting 1B
 f9c0805c25ee Extracting 1B
 f9c0805c25ee Extracting 1B
 f9c0805c25ee Extracting 1B
 f9c0805c25ee Extracting 1B
 f9c0805c25ee Extracting 1B
 f9c0805c25ee Extracting 1B
 f9c0805c25ee Extracting 1B
 f9c0805c25ee Extracting 2B
 f9c0805c25ee Extracting 2B
 f9c0805c25ee Extracting 2B
 f9c0805c25ee Extracting 2B
 f9c0805c25ee Extracting 2B
 f9c0805c25ee Extracting 2B
 f9c0805c25ee Extracting 2B
 f9c0805c25ee Extracting 2B
 f9c0805c25ee Extracting 2B
 f9c0805c25ee Extracting 2B
 f9c0805c25ee Extracting 2B
 f9c0805c25ee Extracting 3B
 1008deaf6ec4 Extracting 1B
 f9c0805c25ee Pull complete 0B
 1008deaf6ec4 Extracting 1B
 1008deaf6ec4 Extracting 1B
 1008deaf6ec4 Extracting 1B
 1008deaf6ec4 Extracting 1B
 1008deaf6ec4 Extracting 1B
 1008deaf6ec4 Extracting 1B
 1008deaf6ec4 Pull complete 0B
 71e9fc939447 Extracting 1B
 71e9fc939447 Extracting 1B
 71e9fc939447 Pull complete 0B
 c1bc68842c41 Extracting 1B
 c1bc68842c41 Pull complete 0B
 0288b5a0d7e7 Pull complete 0B
 34013573f278 Extracting 1B
 34013573f278 Pull complete 0B
 Image minio/minio:latest Pulled 
 Image postgres:16-alpine Pulled 
 Network backend_default Creating 
 Network backend_default Created 
 Volume backend_teamflow_minio Creating 
 Volume backend_teamflow_minio Created 
 Volume backend_teamflow_pg Creating 
 Volume backend_teamflow_pg Created 
 Volume backend_teamflow_redis Creating 
 Volume backend_teamflow_redis Created 
 Container teamflow-redis Creating 
 Container teamflow-minio Creating 
 Container teamflow-postgres Creating 
 Container teamflow-postgres Created 
 Container teamflow-minio Created 
 Container teamflow-redis Created 
 Container teamflow-minio Starting 
 Container teamflow-redis Starting 
 Container teamflow-postgres Starting 
 Container teamflow-redis Started 
 Container teamflow-minio Started 
 Container teamflow-postgres Started 
